caltable header: TRT-100300-EntropyCalibration2
caltable: 1785 usable positive finite scales, 36 unusable
  unusable examples: [('/encoder/Where_1_output_0', '7f800000'), ('/encoder/Where_2_output_0', '7f800000'), ('/layers.0/Where_output_0', '7f800000'), ('/layers.1/self_attn/Unsqueeze_1_output_0', '7f800000'), ('ONNXTRT_Broadcast_6761_output', '7f800000')]

===== LOADING /home/harvest/laya-trt/onnx/laya-multilingual.s512.m16.fp32.ng.onnx =====
nodes=2475 initializers=169

===== GEMM INVENTORY =====
total MatMul/Gemm nodes           : 153
weight-bearing (TARGET)           : 98
activation-only (EXCLUDED)        : 55
    excl /encoder/layers.0/attn/rotary_emb/MatMul  (MatMul) inputs=['/encoder/layers.0/attn/rotary_emb/Cast_output_0', '/encoder/layers.0/attn/rotary_emb/Constant_3_output_0']
    excl /encoder/layers.0/attn/MatMul  (MatMul) inputs=['/encoder/layers.0/attn/Mul_4_output_0', '/encoder/layers.0/attn/Mul_5_output_0']
    excl /encoder/layers.0/attn/MatMul_1  (MatMul) inputs=['/encoder/layers.0/attn/Softmax_output_0', '/encoder/layers.0/attn/Squeeze_2_output_0']
    excl /encoder/layers.1/attn/MatMul  (MatMul) inputs=['/encoder/layers.1/attn/Mul_4_output_0', '/encoder/layers.1/attn/Mul_5_output_0']
    excl /encoder/layers.1/attn/MatMul_1  (MatMul) inputs=['/encoder/layers.1/attn/Softmax_output_0', '/encoder/layers.1/attn/Squeeze_2_output_0']
    excl /encoder/layers.2/attn/MatMul  (MatMul) inputs=['/encoder/layers.2/attn/Mul_4_output_0', '/encoder/layers.2/attn/Mul_5_output_0']
    excl /encoder/layers.2/attn/MatMul_1  (MatMul) inputs=['/encoder/layers.2/attn/Softmax_output_0', '/encoder/layers.2/attn/Squeeze_2_output_0']
    excl /encoder/layers.3/attn/MatMul  (MatMul) inputs=['/encoder/layers.3/attn/Mul_4_output_0', '/encoder/layers.3/attn/Mul_5_output_0']
    ... (55 total excluded)

===== CALIBRATION COVERAGE =====
distinct A activations needed : 98, missing: 0
GEMM outputs needed           : 98, missing: 0
tensors that WILL be Q/DQ'd: 196
PLAN_JSON {"targets": 98, "excluded_activation_only": 55, "activated_tensors": 196, "missing_activation_scales": [], "missing_output_scales": []}

===== INSERTING Q/DQ =====
weights quantized: 98 initializers
Q/DQ pairs inserted: 196
toposorted: 2965 nodes
initializers: 659 (98 fp32 weights replaced by int8)

===== TARGET GEMM DISTRIBUTION (by name prefix) =====
       1  act_head/act_head.0/Gemm
       1  act_head/act_head.2/Gemm
       2  encoder/layers.0/attn
       2  encoder/layers.0/mlp
       2  encoder/layers.1/attn
       2  encoder/layers.1/mlp
       2  encoder/layers.10/attn
       2  encoder/layers.10/mlp
       2  encoder/layers.11/attn
       2  encoder/layers.11/mlp
       2  encoder/layers.12/attn
       2  encoder/layers.12/mlp
       2  encoder/layers.13/attn
       2  encoder/layers.13/mlp
       2  encoder/layers.14/attn
       2  encoder/layers.14/mlp
       2  encoder/layers.15/attn
       2  encoder/layers.15/mlp
       2  encoder/layers.16/attn
       2  encoder/layers.16/mlp
       2  encoder/layers.17/attn
       2  encoder/layers.17/mlp
       2  encoder/layers.18/attn
       2  encoder/layers.18/mlp
       2  encoder/layers.19/attn
       2  encoder/layers.19/mlp
       2  encoder/layers.2/attn
       2  encoder/layers.2/mlp
       2  encoder/layers.20/attn
       2  encoder/layers.20/mlp
       2  encoder/layers.21/attn
       2  encoder/layers.21/mlp
       2  encoder/layers.3/attn
       2  encoder/layers.3/mlp
       2  encoder/layers.4/attn
       2  encoder/layers.4/mlp
       2  encoder/layers.5/attn
       2  encoder/layers.5/mlp
       2  encoder/layers.6/attn
       2  encoder/layers.6/mlp
       2  encoder/layers.7/attn
       2  encoder/layers.7/mlp
       2  encoder/layers.8/attn
       2  encoder/layers.8/mlp
       2  encoder/layers.9/attn
       2  encoder/layers.9/mlp
       1  layers.0/linear1/MatMul
       1  layers.0/linear2/MatMul
       1  layers.0/self_attn/out_proj
       1  layers.1/linear1/MatMul
       1  layers.1/linear2/MatMul
       1  layers.1/self_attn/out_proj
       1  scorer/scorer.1/MatMul
       1  scorer/scorer.3/MatMul
encoder layers covered: 22 -> [0, 1, 2]...[19, 20, 21]

===== SAVING =====
saved in 2.1s
wrote /home/harvest/laya-trt/qdq/laya.s512.qdq.onnx

real	0m7.941s
user	0m2.317s
sys	0m5.981s
